// Jest Snapshot v1, https://goo.gl/fbAQLP

exports[`<SignUp /> should match the snapshot 1`] = `
.c2 {
  display: -webkit-box;
  display: -webkit-flex;
  display: -ms-flexbox;
  display: flex;
  -webkit-flex-direction: row;
  -ms-flex-direction: row;
  flex-direction: row;
  margin: 20px 0;
}

.c4 {
  display: -webkit-box;
  display: -webkit-flex;
  display: -ms-flexbox;
  display: flex;
  -webkit-box-pack: space-evenly;
  -webkit-justify-content: space-evenly;
  -ms-flex-pack: space-evenly;
  justify-content: space-evenly;
  -webkit-flex-direction: column;
  -ms-flex-direction: column;
  flex-direction: column;
  text-align: initial;
  margin: 60px 0;
}

.c0 {
  display: -webkit-box;
  display: -webkit-flex;
  display: -ms-flexbox;
  display: flex;
  -webkit-flex: 1;
  -ms-flex: 1;
  flex: 1;
  min-height: 100%;
  min-width: 100%;
  -webkit-box-pack: space-evenly;
  -webkit-justify-content: space-evenly;
  -ms-flex-pack: space-evenly;
  justify-content: space-evenly;
  position: absolute;
  -webkit-flex-direction: row;
  -ms-flex-direction: row;
  flex-direction: row;
  padding: 30px;
}

.c1 {
  display: -webkit-box;
  display: -webkit-flex;
  display: -ms-flexbox;
  display: flex;
  -webkit-flex-direction: column;
  -ms-flex-direction: column;
  flex-direction: column;
  width: 500px;
  max-width: 100%;
  -webkit-box-pack: center;
  -webkit-justify-content: center;
  -ms-flex-pack: center;
  justify-content: center;
}

.c3 {
  display: -webkit-box;
  display: -webkit-flex;
  display: -ms-flexbox;
  display: flex;
  -webkit-flex-direction: column;
  -ms-flex-direction: column;
  flex-direction: column;
  width: 500px;
  max-width: 100%;
  text-align: center;
  -webkit-box-pack: justify;
  -webkit-justify-content: space-between;
  -ms-flex-pack: justify;
  justify-content: space-between;
  background: #ffffff;
  box-shadow: 0 1px 3px rgba(0,0,0,0.12),0 1px 2px rgba(0,0,0,0.24);
  border-radius: 10px;
  padding: 20px;
}

.c5 {
  display: -webkit-box;
  display: -webkit-flex;
  display: -ms-flexbox;
  display: flex;
  -webkit-box-pack: justify;
  -webkit-justify-content: space-between;
  -ms-flex-pack: justify;
  justify-content: space-between;
  -webkit-flex-wrap: wrap;
  -ms-flex-wrap: wrap;
  flex-wrap: wrap;
}

@media only screen and (max-width:768px) {
  .c1 {
    display: none;
  }
}

@media only screen and (max-width:768px) {
  .c3 {
    min-height: calc(100% - 60px);
    position: absolute;
  }
}

@media only screen and (max-width:450px) {
  .c3 {
    box-shadow: none;
  }
}

<div
  class="c0"
>
  <div
    class="c1"
  >
    <div
      class="c2"
    >
      <svg
        aria-hidden="true"
        class="MuiSvgIcon-root MuiSvgIcon-colorPrimary"
        focusable="false"
        viewBox="0 0 24 24"
      >
        <path
          d="M10 16.5l6-4.5-6-4.5v9zM12 2C6.48 2 2 6.48 2 12s4.48 10 10 10 10-4.48 10-10S17.52 2 12 2zm0 18c-4.41 0-8-3.59-8-8s3.59-8 8-8 8 3.59 8 8-3.59 8-8 8z"
        />
      </svg>
      <h6
        class="MuiTypography-root MuiTypography-subtitle2"
        style="margin-left: 10px;"
      >
        Lorem ipsum, dolor sit amet consectetur adipisicing elit. Est labore ut fugiat sequi dignissimos optio, cum iure soluta deleniti beatae explicabo culpa possimus velit perferendis, provident, libero qui veritatis adipisci.
      </h6>
    </div>
    <div
      class="c2"
    >
      <svg
        aria-hidden="true"
        class="MuiSvgIcon-root MuiSvgIcon-colorPrimary"
        focusable="false"
        viewBox="0 0 24 24"
      >
        <path
          d="M10 16.5l6-4.5-6-4.5v9zM12 2C6.48 2 2 6.48 2 12s4.48 10 10 10 10-4.48 10-10S17.52 2 12 2zm0 18c-4.41 0-8-3.59-8-8s3.59-8 8-8 8 3.59 8 8-3.59 8-8 8z"
        />
      </svg>
      <h6
        class="MuiTypography-root MuiTypography-subtitle2"
        style="margin-left: 10px;"
      >
        Lorem ipsum, dolor sit amet consectetur adipisicing elit. Est labore ut fugiat sequi dignissimos optio, cum iure soluta deleniti beatae explicabo culpa possimus velit perferendis, provident, libero qui veritatis adipisci.
      </h6>
    </div>
    <div
      class="c2"
    >
      <svg
        aria-hidden="true"
        class="MuiSvgIcon-root MuiSvgIcon-colorPrimary"
        focusable="false"
        viewBox="0 0 24 24"
      >
        <path
          d="M10 16.5l6-4.5-6-4.5v9zM12 2C6.48 2 2 6.48 2 12s4.48 10 10 10 10-4.48 10-10S17.52 2 12 2zm0 18c-4.41 0-8-3.59-8-8s3.59-8 8-8 8 3.59 8 8-3.59 8-8 8z"
        />
      </svg>
      <h6
        class="MuiTypography-root MuiTypography-subtitle2"
        style="margin-left: 10px;"
      >
        Lorem ipsum, dolor sit amet consectetur adipisicing elit. Est labore ut fugiat sequi dignissimos optio, cum iure soluta deleniti beatae explicabo culpa possimus velit perferendis, provident, libero qui veritatis adipisci.
      </h6>
    </div>
  </div>
  <div
    class="c3"
  >
    <div>
      <h3
        class="MuiTypography-root MuiTypography-h3 MuiTypography-colorPrimary"
        style="font-weight: 500;"
      >
        Sign Up
      </h3>
      <p
        class="MuiTypography-root MuiTypography-body2 MuiTypography-colorTextSecondary"
        style="margin-top: 10px;"
      >
        Choose the role you want to have on Dade platform and fill out your information.
      </p>
    </div>
    <form
      style="opacity: 1; transform: scale(1, 1); transition: opacity 0ms cubic-bezier(0.4, 0, 0.2, 1) 0ms,transform 0ms cubic-bezier(0.4, 0, 0.2, 1) 0ms;"
    >
      <div
        class="c4"
      >
        <h5
          class="MuiTypography-root MuiTypography-h5"
        >
          What will be your role ?
        </h5>
        <div
          class="MuiFormControl-root"
        >
          <div
            class="MuiInputBase-root MuiOutlinedInput-root MuiInputBase-formControl"
            style="width: 100%; margin-top: 30px;"
          >
            <div
              aria-haspopup="listbox"
              aria-labelledby="mui-component-select-role"
              class="MuiSelect-root MuiSelect-select MuiSelect-selectMenu MuiSelect-outlined MuiInputBase-input MuiOutlinedInput-input"
              id="mui-component-select-role"
              role="button"
              tabindex="0"
            >
              <em>
                Select Your Role
              </em>
            </div>
            <input
              aria-hidden="true"
              class="MuiSelect-nativeInput"
              name="role"
              tabindex="-1"
              value=""
            />
            <svg
              aria-hidden="true"
              class="MuiSvgIcon-root MuiSelect-icon MuiSelect-iconOutlined"
              focusable="false"
              viewBox="0 0 24 24"
            >
              <path
                d="M7 10l5 5 5-5z"
              />
            </svg>
            <fieldset
              aria-hidden="true"
              class="PrivateNotchedOutline-root-1 MuiOutlinedInput-notchedOutline"
              style="padding-left: 8px;"
            >
              <legend
                class="PrivateNotchedOutline-legend-2"
                style="width: 0.01px;"
              >
                <span>
                  â€‹
                </span>
              </legend>
            </fieldset>
          </div>
        </div>
      </div>
      <div
        class="c4"
      >
        <h5
          class="MuiTypography-root MuiTypography-h5"
        >
          What Is Your Phone Number?
        </h5>
        <div
          class="MuiFormControl-root MuiTextField-root"
          style="margin-top: 30px;"
        >
          <label
            class="MuiFormLabel-root MuiInputLabel-root MuiInputLabel-formControl MuiInputLabel-animated MuiInputLabel-outlined"
            data-shrink="false"
          >
            Phone number
          </label>
          <div
            class="MuiInputBase-root MuiOutlinedInput-root MuiInputBase-formControl"
          >
            <input
              aria-invalid="false"
              class="MuiInputBase-input MuiOutlinedInput-input"
              name="phoneNumber"
              placeholder="Type your phone number"
              type="text"
              value=""
            />
            <fieldset
              aria-hidden="true"
              class="PrivateNotchedOutline-root-1 MuiOutlinedInput-notchedOutline"
            >
              <legend
                class="PrivateNotchedOutline-legendLabelled-3"
              >
                <span>
                  Phone number
                </span>
              </legend>
            </fieldset>
          </div>
        </div>
      </div>
    </form>
    <div
      class="c5"
    >
      <button
        class="MuiButtonBase-root MuiButton-root MuiButton-outlined MuiButton-outlinedPrimary MuiButton-disableElevation"
        style="flex: 0.45;"
        tabindex="0"
        type="button"
      >
        <span
          class="MuiButton-label"
        >
          <span
            class="MuiButton-startIcon MuiButton-iconSizeMedium"
          >
            <svg
              aria-hidden="true"
              class="MuiSvgIcon-root"
              focusable="false"
              viewBox="0 0 24 24"
            >
              <path
                d="M20 11H7.83l5.59-5.59L12 4l-8 8 8 8 1.41-1.41L7.83 13H20v-2z"
              />
            </svg>
          </span>
          Back
        </span>
        <span
          class="MuiTouchRipple-root"
        />
      </button>
      <button
        class="MuiButtonBase-root MuiButton-root MuiButton-outlined MuiButton-outlinedPrimary MuiButton-disableElevation"
        style="flex: 0.45;"
        tabindex="0"
        type="button"
      >
        <span
          class="MuiButton-label"
        >
          Next
          <span
            class="MuiButton-endIcon MuiButton-iconSizeMedium"
          >
            <svg
              aria-hidden="true"
              class="MuiSvgIcon-root"
              focusable="false"
              viewBox="0 0 24 24"
            >
              <path
                d="M12 4l-1.41 1.41L16.17 11H4v2h12.17l-5.58 5.59L12 20l8-8z"
              />
            </svg>
          </span>
        </span>
        <span
          class="MuiTouchRipple-root"
        />
      </button>
    </div>
  </div>
</div>
`;
